# タスク実行ログ - #D012

## タスク情報
- **タスクID:** D012
- **タイトル:** RAILWAY_MIGRATION.md作成
- **ブランチ:** docs/railway-migration
- **完了日:** 2025-01-25

## 成果物
- `docs/setup/RAILWAY_MIGRATION.md` (373行)

## 実行内容

### 1. ドキュメント作成
Railway移行ガイドを作成しました。

### 2. ドキュメント構成
1. **概要** - 移行後のアーキテクチャ、コスト比較
2. **前提条件** - 必要なアカウントとツール
3. **移行手順** (10ステップ)
   - Renderデータベースのバックアップ
   - Railwayプロジェクトの作成
   - PostgreSQL + PostGIS設定
   - バックエンドサービス設定
   - railway.toml設定
   - データ復元
   - マイグレーション実行
   - デプロイ確認
   - Vercel環境変数更新
   - 動作確認
4. **ロールバック手順**
5. **コスト管理** - 予算上限設定
6. **トラブルシューティング** - 5つのQ&A
7. **移行後のメンテナンス**
8. **移行チェックリスト**

### 3. 特徴
- 図解によるアーキテクチャ説明
- 具体的なコマンド例
- PostGIS拡張の有効化手順
- $5上限でのコスト制御方法
- 詳細なトラブルシューティング

## コミット
- `73b7709` docs(setup): RAILWAY_MIGRATION.md作成

## 備考
- SPEC.md § 6.3（本番環境）、§ 6.5（移行戦略）を参照
- D011（RENDER_DEPLOYMENT.md）との関連ドキュメントリンク追加
